Archive member included because of file (symbol)

c:/program files (x86)/atmel/avr tools/avr toolchain/bin/../lib/gcc/avr/4.6.2/avr6\libgcc.a(_exit.o)
                              c:/program files (x86)/atmel/avr tools/avr toolchain/bin/../lib/gcc/avr/4.6.2/../../../../avr/lib/avr6/crtm2560.o (exit)
c:/program files (x86)/atmel/avr tools/avr toolchain/bin/../lib/gcc/avr/4.6.2/avr6\libgcc.a(_copy_data.o)
                              bootroder.o (__do_copy_data)
c:/program files (x86)/atmel/avr tools/avr toolchain/bin/../lib/gcc/avr/4.6.2/avr6\libgcc.a(_clear_bss.o)
                              bootroder.o (__do_clear_bss)

Memory Configuration

Name             Origin             Length             Attributes
text             0x00000000         0x00100000         xr
data             0x00800200         0x0000fe00         rw !x
eeprom           0x00810000         0x00010000         rw !x
fuse             0x00820000         0x00000400         rw !x
lock             0x00830000         0x00000400         rw !x
signature        0x00840000         0x00000400         rw !x
*default*        0x00000000         0xffffffff

Linker script and memory map

Address of section .data set to 0x800200
LOAD c:/program files (x86)/atmel/avr tools/avr toolchain/bin/../lib/gcc/avr/4.6.2/../../../../avr/lib/avr6/crtm2560.o
Address of section .text set to 0x3f000
LOAD bootroder.o
LOAD berify.o
LOAD main.o
LOAD read.o
LOAD spl.o
LOAD spm.o
LOAD mcu1.o
LOAD mcu2.o
LOAD c:/program files (x86)/atmel/avr tools/avr toolchain/bin/../lib/gcc/avr/4.6.2/avr6\libgcc.a
LOAD c:/program files (x86)/atmel/avr tools/avr toolchain/bin/../lib/gcc/avr/4.6.2/../../../../avr/lib/avr6\libc.a
LOAD c:/program files (x86)/atmel/avr tools/avr toolchain/bin/../lib/gcc/avr/4.6.2/avr6\libgcc.a

.hash
 *(.hash)

.dynsym
 *(.dynsym)

.dynstr
 *(.dynstr)

.gnu.version
 *(.gnu.version)

.gnu.version_d
 *(.gnu.version_d)

.gnu.version_r
 *(.gnu.version_r)

.rel.init
 *(.rel.init)

.rela.init
 *(.rela.init)

.rel.text
 *(.rel.text)
 *(.rel.text.*)
 *(.rel.gnu.linkonce.t*)

.rela.text
 *(.rela.text)
 *(.rela.text.*)
 *(.rela.gnu.linkonce.t*)

.rel.fini
 *(.rel.fini)

.rela.fini
 *(.rela.fini)

.rel.rodata
 *(.rel.rodata)
 *(.rel.rodata.*)
 *(.rel.gnu.linkonce.r*)

.rela.rodata
 *(.rela.rodata)
 *(.rela.rodata.*)
 *(.rela.gnu.linkonce.r*)

.rel.data
 *(.rel.data)
 *(.rel.data.*)
 *(.rel.gnu.linkonce.d*)

.rela.data
 *(.rela.data)
 *(.rela.data.*)
 *(.rela.gnu.linkonce.d*)

.rel.ctors
 *(.rel.ctors)

.rela.ctors
 *(.rela.ctors)

.rel.dtors
 *(.rel.dtors)

.rela.dtors
 *(.rela.dtors)

.rel.got
 *(.rel.got)

.rela.got
 *(.rela.got)

.rel.bss
 *(.rel.bss)

.rela.bss
 *(.rela.bss)

.rel.plt
 *(.rel.plt)

.rela.plt
 *(.rela.plt)

.text           0x0003f000      0x430
 *(.vectors)
 .vectors       0x0003f000       0xe4 c:/program files (x86)/atmel/avr tools/avr toolchain/bin/../lib/gcc/avr/4.6.2/../../../../avr/lib/avr6/crtm2560.o
                0x0003f000                __vector_default
                0x0003f000                __vectors
 *(.vectors)
 *(.progmem.gcc*)
 *(.progmem*)
                0x0003f0e4                . = ALIGN (0x2)
                0x0003f0e4                __trampolines_start = .
 *(.trampolines)
 .trampolines   0x0003f0e4        0x0 linker stubs
 *(.trampolines*)
                0x0003f0e4                __trampolines_end = .
 *(.jumptables)
 *(.jumptables*)
 *(.lowtext)
 *(.lowtext*)
                0x0003f0e4                __ctors_start = .
 *(.ctors)
                0x0003f0e4                __ctors_end = .
                0x0003f0e4                __dtors_start = .
 *(.dtors)
                0x0003f0e4                __dtors_end = .
 SORT(*)(.ctors)
 SORT(*)(.dtors)
 *(.init0)
 .init0         0x0003f0e4        0x0 c:/program files (x86)/atmel/avr tools/avr toolchain/bin/../lib/gcc/avr/4.6.2/../../../../avr/lib/avr6/crtm2560.o
                0x0003f0e4                __init
 *(.init0)
 *(.init1)
 *(.init1)
 *(.init2)
 .init2         0x0003f0e4       0x10 c:/program files (x86)/atmel/avr tools/avr toolchain/bin/../lib/gcc/avr/4.6.2/../../../../avr/lib/avr6/crtm2560.o
 *(.init2)
 *(.init3)
 *(.init3)
 *(.init4)
 .init4         0x0003f0f4       0x1c c:/program files (x86)/atmel/avr tools/avr toolchain/bin/../lib/gcc/avr/4.6.2/avr6\libgcc.a(_copy_data.o)
                0x0003f0f4                __do_copy_data
 .init4         0x0003f110       0x10 c:/program files (x86)/atmel/avr tools/avr toolchain/bin/../lib/gcc/avr/4.6.2/avr6\libgcc.a(_clear_bss.o)
                0x0003f110                __do_clear_bss
 *(.init4)
 *(.init5)
 *(.init5)
 *(.init6)
 *(.init6)
 *(.init7)
 *(.init7)
 *(.init8)
 *(.init8)
 *(.init9)
 .init9         0x0003f120        0x8 c:/program files (x86)/atmel/avr tools/avr toolchain/bin/../lib/gcc/avr/4.6.2/../../../../avr/lib/avr6/crtm2560.o
 *(.init9)
 *(.text)
 .text          0x0003f128        0x4 c:/program files (x86)/atmel/avr tools/avr toolchain/bin/../lib/gcc/avr/4.6.2/../../../../avr/lib/avr6/crtm2560.o
                0x0003f128                __vector_38
                0x0003f128                __vector_22
                0x0003f128                __vector_28
                0x0003f128                __vector_1
                0x0003f128                __vector_32
                0x0003f128                __vector_34
                0x0003f128                __vector_24
                0x0003f128                __vector_12
                0x0003f128                __vector_55
                0x0003f128                __vector_46
                0x0003f128                __bad_interrupt
                0x0003f128                __vector_6
                0x0003f128                __vector_31
                0x0003f128                __vector_35
                0x0003f128                __vector_39
                0x0003f128                __vector_3
                0x0003f128                __vector_23
                0x0003f128                __vector_30
                0x0003f128                __vector_45
                0x0003f128                __vector_25
                0x0003f128                __vector_11
                0x0003f128                __vector_54
                0x0003f128                __vector_13
                0x0003f128                __vector_17
                0x0003f128                __vector_19
                0x0003f128                __vector_56
                0x0003f128                __vector_7
                0x0003f128                __vector_49
                0x0003f128                __vector_41
                0x0003f128                __vector_43
                0x0003f128                __vector_27
                0x0003f128                __vector_5
                0x0003f128                __vector_33
                0x0003f128                __vector_47
                0x0003f128                __vector_52
                0x0003f128                __vector_37
                0x0003f128                __vector_4
                0x0003f128                __vector_44
                0x0003f128                __vector_51
                0x0003f128                __vector_9
                0x0003f128                __vector_2
                0x0003f128                __vector_21
                0x0003f128                __vector_15
                0x0003f128                __vector_36
                0x0003f128                __vector_29
                0x0003f128                __vector_40
                0x0003f128                __vector_8
                0x0003f128                __vector_26
                0x0003f128                __vector_48
                0x0003f128                __vector_14
                0x0003f128                __vector_53
                0x0003f128                __vector_10
                0x0003f128                __vector_50
                0x0003f128                __vector_16
                0x0003f128                __vector_18
                0x0003f128                __vector_20
                0x0003f128                __vector_42
 .text          0x0003f12c       0x46 bootroder.o
                0x0003f12c                uart_init
                0x0003f142                uart_RX_empty
                0x0003f150                uart_RX_clear
                0x0003f156                uart_RX_byte
                0x0003f164                uart_TX_byte
 .text          0x0003f172        0x0 berify.o
 .text          0x0003f172       0x14 main.o
                0x0003f172                exec_app_code
 .text          0x0003f186       0x26 read.o
                0x0003f186                do_LPM_byte
                0x0003f192                do_LPM_word
                0x0003f1a0                flash_word_read
                0x0003f1a6                flash_byte_read
 .text          0x0003f1ac       0x74 spl.o
                0x0003f1ac                flash_page_buffer_word_write
                0x0003f1d6                flash_page_buffer_write
                0x0003f210                flash_page_write
 .text          0x0003f220       0x54 spm.o
                0x0003f220                wait_for_SPM
                0x0003f228                do_SPM
                0x0003f258                flash_page_erase
                0x0003f268                flash_RWW_clearSB
 .text          0x0003f274       0x86 mcu1.o
                0x0003f274                send_device_ID
                0x0003f294                get_flash_page_number
                0x0003f2b0                get_flash_page
 .text          0x0003f2fa       0xe2 mcu2.o
                0x0003f2fa                flash_page_berify
                0x0003f352                load_flash
 .text          0x0003f3dc        0x0 c:/program files (x86)/atmel/avr tools/avr toolchain/bin/../lib/gcc/avr/4.6.2/avr6\libgcc.a(_exit.o)
 .text          0x0003f3dc        0x0 c:/program files (x86)/atmel/avr tools/avr toolchain/bin/../lib/gcc/avr/4.6.2/avr6\libgcc.a(_copy_data.o)
 .text          0x0003f3dc        0x0 c:/program files (x86)/atmel/avr tools/avr toolchain/bin/../lib/gcc/avr/4.6.2/avr6\libgcc.a(_clear_bss.o)
                0x0003f3dc                . = ALIGN (0x2)
 *(.text.*)
 .text.startup  0x0003f3dc       0x50 main.o
                0x0003f3dc                main
 .text.libgcc   0x0003f42c        0x0 c:/program files (x86)/atmel/avr tools/avr toolchain/bin/../lib/gcc/avr/4.6.2/avr6\libgcc.a(_exit.o)
 .text.libgcc   0x0003f42c        0x0 c:/program files (x86)/atmel/avr tools/avr toolchain/bin/../lib/gcc/avr/4.6.2/avr6\libgcc.a(_copy_data.o)
 .text.libgcc   0x0003f42c        0x0 c:/program files (x86)/atmel/avr tools/avr toolchain/bin/../lib/gcc/avr/4.6.2/avr6\libgcc.a(_clear_bss.o)
                0x0003f42c                . = ALIGN (0x2)
 *(.fini9)
 .fini9         0x0003f42c        0x0 c:/program files (x86)/atmel/avr tools/avr toolchain/bin/../lib/gcc/avr/4.6.2/avr6\libgcc.a(_exit.o)
                0x0003f42c                _exit
                0x0003f42c                exit
 *(.fini9)
 *(.fini8)
 *(.fini8)
 *(.fini7)
 *(.fini7)
 *(.fini6)
 *(.fini6)
 *(.fini5)
 *(.fini5)
 *(.fini4)
 *(.fini4)
 *(.fini3)
 *(.fini3)
 *(.fini2)
 *(.fini2)
 *(.fini1)
 *(.fini1)
 *(.fini0)
 .fini0         0x0003f42c        0x4 c:/program files (x86)/atmel/avr tools/avr toolchain/bin/../lib/gcc/avr/4.6.2/avr6\libgcc.a(_exit.o)
 *(.fini0)
                0x0003f430                _etext = .

.data           0x00800200        0x0 load address 0x0003f430
                0x00800200                PROVIDE (__data_start, .)
 *(.data)
 .data          0x00800200        0x0 c:/program files (x86)/atmel/avr tools/avr toolchain/bin/../lib/gcc/avr/4.6.2/../../../../avr/lib/avr6/crtm2560.o
 .data          0x00800200        0x0 bootroder.o
 .data          0x00800200        0x0 berify.o
 .data          0x00800200        0x0 main.o
 .data          0x00800200        0x0 read.o
 .data          0x00800200        0x0 spl.o
 .data          0x00800200        0x0 spm.o
 .data          0x00800200        0x0 mcu1.o
 .data          0x00800200        0x0 mcu2.o
 .data          0x00800200        0x0 c:/program files (x86)/atmel/avr tools/avr toolchain/bin/../lib/gcc/avr/4.6.2/avr6\libgcc.a(_exit.o)
 .data          0x00800200        0x0 c:/program files (x86)/atmel/avr tools/avr toolchain/bin/../lib/gcc/avr/4.6.2/avr6\libgcc.a(_copy_data.o)
 .data          0x00800200        0x0 c:/program files (x86)/atmel/avr tools/avr toolchain/bin/../lib/gcc/avr/4.6.2/avr6\libgcc.a(_clear_bss.o)
 *(.data*)
 *(.rodata)
 *(.rodata*)
 *(.gnu.linkonce.d*)
                0x00800200                . = ALIGN (0x2)
                0x00800200                _edata = .
                0x00800200                PROVIDE (__data_end, .)

.bss            0x00800200        0x0
                0x00800200                PROVIDE (__bss_start, .)
 *(.bss)
 .bss           0x00800200        0x0 c:/program files (x86)/atmel/avr tools/avr toolchain/bin/../lib/gcc/avr/4.6.2/../../../../avr/lib/avr6/crtm2560.o
 .bss           0x00800200        0x0 bootroder.o
 .bss           0x00800200        0x0 berify.o
 .bss           0x00800200        0x0 main.o
 .bss           0x00800200        0x0 read.o
 .bss           0x00800200        0x0 spl.o
 .bss           0x00800200        0x0 spm.o
 .bss           0x00800200        0x0 mcu1.o
 .bss           0x00800200        0x0 mcu2.o
 .bss           0x00800200        0x0 c:/program files (x86)/atmel/avr tools/avr toolchain/bin/../lib/gcc/avr/4.6.2/avr6\libgcc.a(_exit.o)
 .bss           0x00800200        0x0 c:/program files (x86)/atmel/avr tools/avr toolchain/bin/../lib/gcc/avr/4.6.2/avr6\libgcc.a(_copy_data.o)
 .bss           0x00800200        0x0 c:/program files (x86)/atmel/avr tools/avr toolchain/bin/../lib/gcc/avr/4.6.2/avr6\libgcc.a(_clear_bss.o)
 *(.bss*)
 *(COMMON)
                0x00800200                PROVIDE (__bss_end, .)
                0x0003f430                __data_load_start = LOADADDR (.data)
                0x0003f430                __data_load_end = (__data_load_start + SIZEOF (.data))

.noinit         0x00800200        0x0
                0x00800200                PROVIDE (__noinit_start, .)
 *(.noinit*)
                0x00800200                PROVIDE (__noinit_end, .)
                0x00800200                _end = .
                0x00800200                PROVIDE (__heap_start, .)

.eeprom         0x00810000        0x0
 *(.eeprom*)
                0x00810000                __eeprom_end = .

.fuse
 *(.fuse)
 *(.lfuse)
 *(.hfuse)
 *(.efuse)

.lock
 *(.lock*)

.signature
 *(.signature*)

.stab           0x00000000      0x6e4
 *(.stab)
 .stab          0x00000000      0x6e4 c:/program files (x86)/atmel/avr tools/avr toolchain/bin/../lib/gcc/avr/4.6.2/../../../../avr/lib/avr6/crtm2560.o

.stabstr        0x00000000       0x85
 *(.stabstr)
 .stabstr       0x00000000       0x85 c:/program files (x86)/atmel/avr tools/avr toolchain/bin/../lib/gcc/avr/4.6.2/../../../../avr/lib/avr6/crtm2560.o

.stab.excl
 *(.stab.excl)

.stab.exclstr
 *(.stab.exclstr)

.stab.index
 *(.stab.index)

.stab.indexstr
 *(.stab.indexstr)

.comment
 *(.comment)

.debug
 *(.debug)

.line
 *(.line)

.debug_srcinfo
 *(.debug_srcinfo)

.debug_sfnames
 *(.debug_sfnames)

.debug_aranges  0x00000000      0x148
 *(.debug_aranges)
 .debug_aranges
                0x00000000       0x20 bootroder.o
 .debug_aranges
                0x00000020       0x28 main.o
 .debug_aranges
                0x00000048       0x20 read.o
 .debug_aranges
                0x00000068       0x20 spl.o
 .debug_aranges
                0x00000088       0x20 spm.o
 .debug_aranges
                0x000000a8       0x20 mcu1.o
 .debug_aranges
                0x000000c8       0x20 mcu2.o
 .debug_aranges
                0x000000e8       0x20 c:/program files (x86)/atmel/avr tools/avr toolchain/bin/../lib/gcc/avr/4.6.2/avr6\libgcc.a(_exit.o)
 .debug_aranges
                0x00000108       0x20 c:/program files (x86)/atmel/avr tools/avr toolchain/bin/../lib/gcc/avr/4.6.2/avr6\libgcc.a(_copy_data.o)
 .debug_aranges
                0x00000128       0x20 c:/program files (x86)/atmel/avr tools/avr toolchain/bin/../lib/gcc/avr/4.6.2/avr6\libgcc.a(_clear_bss.o)

.debug_pubnames
 *(.debug_pubnames)

.debug_info     0x00000000      0xb2f
 *(.debug_info)
 .debug_info    0x00000000      0x106 bootroder.o
 .debug_info    0x00000106       0x5e berify.o
 .debug_info    0x00000164      0x14c main.o
 .debug_info    0x000002b0      0x10f read.o
 .debug_info    0x000003bf      0x13d spl.o
 .debug_info    0x000004fc      0x108 spm.o
 .debug_info    0x00000604      0x132 mcu1.o
 .debug_info    0x00000736      0x162 mcu2.o
 .debug_info    0x00000898       0xdd c:/program files (x86)/atmel/avr tools/avr toolchain/bin/../lib/gcc/avr/4.6.2/avr6\libgcc.a(_exit.o)
 .debug_info    0x00000975       0xdd c:/program files (x86)/atmel/avr tools/avr toolchain/bin/../lib/gcc/avr/4.6.2/avr6\libgcc.a(_copy_data.o)
 .debug_info    0x00000a52       0xdd c:/program files (x86)/atmel/avr tools/avr toolchain/bin/../lib/gcc/avr/4.6.2/avr6\libgcc.a(_clear_bss.o)
 *(.gnu.linkonce.wi.*)

.debug_abbrev   0x00000000      0x52d
 *(.debug_abbrev)
 .debug_abbrev  0x00000000       0x96 bootroder.o
 .debug_abbrev  0x00000096       0x2a berify.o
 .debug_abbrev  0x000000c0       0xf1 main.o
 .debug_abbrev  0x000001b1       0x81 read.o
 .debug_abbrev  0x00000232       0xb5 spl.o
 .debug_abbrev  0x000002e7       0x94 spm.o
 .debug_abbrev  0x0000037b       0x9b mcu1.o
 .debug_abbrev  0x00000416       0xdb mcu2.o
 .debug_abbrev  0x000004f1       0x14 c:/program files (x86)/atmel/avr tools/avr toolchain/bin/../lib/gcc/avr/4.6.2/avr6\libgcc.a(_exit.o)
 .debug_abbrev  0x00000505       0x14 c:/program files (x86)/atmel/avr tools/avr toolchain/bin/../lib/gcc/avr/4.6.2/avr6\libgcc.a(_copy_data.o)
 .debug_abbrev  0x00000519       0x14 c:/program files (x86)/atmel/avr tools/avr toolchain/bin/../lib/gcc/avr/4.6.2/avr6\libgcc.a(_clear_bss.o)

.debug_line     0x00000000      0x7a9
 *(.debug_line)
 .debug_line    0x00000000       0xc5 bootroder.o
 .debug_line    0x000000c5       0x1a berify.o
 .debug_line    0x000000df      0x147 main.o
 .debug_line    0x00000226       0xba read.o
 .debug_line    0x000002e0       0xcb spl.o
 .debug_line    0x000003ab       0xc0 spm.o
 .debug_line    0x0000046b       0xce mcu1.o
 .debug_line    0x00000539       0xc4 mcu2.o
 .debug_line    0x000005fd       0x88 c:/program files (x86)/atmel/avr tools/avr toolchain/bin/../lib/gcc/avr/4.6.2/avr6\libgcc.a(_exit.o)
 .debug_line    0x00000685       0x96 c:/program files (x86)/atmel/avr tools/avr toolchain/bin/../lib/gcc/avr/4.6.2/avr6\libgcc.a(_copy_data.o)
 .debug_line    0x0000071b       0x8e c:/program files (x86)/atmel/avr tools/avr toolchain/bin/../lib/gcc/avr/4.6.2/avr6\libgcc.a(_clear_bss.o)

.debug_frame    0x00000000      0x2bc
 *(.debug_frame)
 .debug_frame   0x00000000       0x64 bootroder.o
 .debug_frame   0x00000064       0x3c main.o
 .debug_frame   0x000000a0       0x54 read.o
 .debug_frame   0x000000f4       0x70 spl.o
 .debug_frame   0x00000164       0x70 spm.o
 .debug_frame   0x000001d4       0x70 mcu1.o
 .debug_frame   0x00000244       0x78 mcu2.o

.debug_str      0x00000000      0x308
 *(.debug_str)
 .debug_str     0x00000000       0xcd bootroder.o
                                0x101 (size before relaxing)
 .debug_str     0x000000cd        0xc berify.o
                                 0xa4 (size before relaxing)
 .debug_str     0x000000d9       0x70 main.o
                                0x119 (size before relaxing)
 .debug_str     0x00000149       0x52 read.o
                                 0xf3 (size before relaxing)
 .debug_str     0x0000019b       0x76 spl.o
                                0x11f (size before relaxing)
 .debug_str     0x00000211       0x48 spm.o
                                0x100 (size before relaxing)
 .debug_str     0x00000259       0x64 mcu1.o
                                0x127 (size before relaxing)
 .debug_str     0x000002bd       0x4b mcu2.o
                                0x11b (size before relaxing)

.debug_loc      0x00000000      0x5e9
 *(.debug_loc)
 .debug_loc     0x00000000       0x36 main.o
 .debug_loc     0x00000036       0x30 read.o
 .debug_loc     0x00000066      0x190 spl.o
 .debug_loc     0x000001f6       0xc0 spm.o
 .debug_loc     0x000002b6      0x164 mcu1.o
 .debug_loc     0x0000041a      0x1cf mcu2.o

.debug_macinfo
 *(.debug_macinfo)
OUTPUT(bootroderuart.elf elf32-avr)
LOAD linker stubs

.debug_ranges   0x00000000       0x18
 .debug_ranges  0x00000000       0x18 main.o
