Archive member included because of file (symbol)

c:/program files (x86)/atmel/avr tools/avr toolchain/bin/../lib/gcc/avr/4.6.2/avr6\libgcc.a(_exit.o)
                              c:/program files (x86)/atmel/avr tools/avr toolchain/bin/../lib/gcc/avr/4.6.2/../../../../avr/lib/avr6/crtm2560.o (exit)
c:/program files (x86)/atmel/avr tools/avr toolchain/bin/../lib/gcc/avr/4.6.2/avr6\libgcc.a(_copy_data.o)
                              main.o (__do_copy_data)
c:/program files (x86)/atmel/avr tools/avr toolchain/bin/../lib/gcc/avr/4.6.2/avr6\libgcc.a(_clear_bss.o)
                              main.o (__do_clear_bss)

Memory Configuration

Name             Origin             Length             Attributes
text             0x00000000         0x00100000         xr
data             0x00800200         0x0000fe00         rw !x
eeprom           0x00810000         0x00010000         rw !x
fuse             0x00820000         0x00000400         rw !x
lock             0x00830000         0x00000400         rw !x
signature        0x00840000         0x00000400         rw !x
*default*        0x00000000         0xffffffff

Linker script and memory map

Address of section .data set to 0x800200
LOAD c:/program files (x86)/atmel/avr tools/avr toolchain/bin/../lib/gcc/avr/4.6.2/../../../../avr/lib/avr6/crtm2560.o
Address of section .text set to 0x30000
LOAD main.o
LOAD mcu1.o
LOAD mcu2.o
LOAD spm.o
LOAD spm2.o
LOAD uart.o
LOAD c:/program files (x86)/atmel/avr tools/avr toolchain/bin/../lib/gcc/avr/4.6.2/avr6\libgcc.a
LOAD c:/program files (x86)/atmel/avr tools/avr toolchain/bin/../lib/gcc/avr/4.6.2/../../../../avr/lib/avr6\libc.a
LOAD c:/program files (x86)/atmel/avr tools/avr toolchain/bin/../lib/gcc/avr/4.6.2/avr6\libgcc.a

.hash
 *(.hash)

.dynsym
 *(.dynsym)

.dynstr
 *(.dynstr)

.gnu.version
 *(.gnu.version)

.gnu.version_d
 *(.gnu.version_d)

.gnu.version_r
 *(.gnu.version_r)

.rel.init
 *(.rel.init)

.rela.init
 *(.rela.init)

.rel.text
 *(.rel.text)
 *(.rel.text.*)
 *(.rel.gnu.linkonce.t*)

.rela.text
 *(.rela.text)
 *(.rela.text.*)
 *(.rela.gnu.linkonce.t*)

.rel.fini
 *(.rel.fini)

.rela.fini
 *(.rela.fini)

.rel.rodata
 *(.rel.rodata)
 *(.rel.rodata.*)
 *(.rel.gnu.linkonce.r*)

.rela.rodata
 *(.rela.rodata)
 *(.rela.rodata.*)
 *(.rela.gnu.linkonce.r*)

.rel.data
 *(.rel.data)
 *(.rel.data.*)
 *(.rel.gnu.linkonce.d*)

.rela.data
 *(.rela.data)
 *(.rela.data.*)
 *(.rela.gnu.linkonce.d*)

.rel.ctors
 *(.rel.ctors)

.rela.ctors
 *(.rela.ctors)

.rel.dtors
 *(.rel.dtors)

.rela.dtors
 *(.rela.dtors)

.rel.got
 *(.rel.got)

.rela.got
 *(.rela.got)

.rel.bss
 *(.rel.bss)

.rela.bss
 *(.rela.bss)

.rel.plt
 *(.rel.plt)

.rela.plt
 *(.rela.plt)

.text           0x00030000      0x43c
 *(.vectors)
 .vectors       0x00030000       0xe4 c:/program files (x86)/atmel/avr tools/avr toolchain/bin/../lib/gcc/avr/4.6.2/../../../../avr/lib/avr6/crtm2560.o
                0x00030000                __vector_default
                0x00030000                __vectors
 *(.vectors)
 *(.progmem.gcc*)
 *(.progmem*)
                0x000300e4                . = ALIGN (0x2)
                0x000300e4                __trampolines_start = .
 *(.trampolines)
 .trampolines   0x000300e4        0x0 linker stubs
 *(.trampolines*)
                0x000300e4                __trampolines_end = .
 *(.jumptables)
 *(.jumptables*)
 *(.lowtext)
 *(.lowtext*)
                0x000300e4                __ctors_start = .
 *(.ctors)
                0x000300e4                __ctors_end = .
                0x000300e4                __dtors_start = .
 *(.dtors)
                0x000300e4                __dtors_end = .
 SORT(*)(.ctors)
 SORT(*)(.dtors)
 *(.init0)
 .init0         0x000300e4        0x0 c:/program files (x86)/atmel/avr tools/avr toolchain/bin/../lib/gcc/avr/4.6.2/../../../../avr/lib/avr6/crtm2560.o
                0x000300e4                __init
 *(.init0)
 *(.init1)
 *(.init1)
 *(.init2)
 .init2         0x000300e4       0x10 c:/program files (x86)/atmel/avr tools/avr toolchain/bin/../lib/gcc/avr/4.6.2/../../../../avr/lib/avr6/crtm2560.o
 *(.init2)
 *(.init3)
 *(.init3)
 *(.init4)
 .init4         0x000300f4       0x1c c:/program files (x86)/atmel/avr tools/avr toolchain/bin/../lib/gcc/avr/4.6.2/avr6\libgcc.a(_copy_data.o)
                0x000300f4                __do_copy_data
 .init4         0x00030110       0x10 c:/program files (x86)/atmel/avr tools/avr toolchain/bin/../lib/gcc/avr/4.6.2/avr6\libgcc.a(_clear_bss.o)
                0x00030110                __do_clear_bss
 *(.init4)
 *(.init5)
 *(.init5)
 *(.init6)
 *(.init6)
 *(.init7)
 *(.init7)
 *(.init8)
 *(.init8)
 *(.init9)
 .init9         0x00030120        0x8 c:/program files (x86)/atmel/avr tools/avr toolchain/bin/../lib/gcc/avr/4.6.2/../../../../avr/lib/avr6/crtm2560.o
 *(.init9)
 *(.text)
 .text          0x00030128        0x4 c:/program files (x86)/atmel/avr tools/avr toolchain/bin/../lib/gcc/avr/4.6.2/../../../../avr/lib/avr6/crtm2560.o
                0x00030128                __vector_38
                0x00030128                __vector_22
                0x00030128                __vector_28
                0x00030128                __vector_1
                0x00030128                __vector_32
                0x00030128                __vector_34
                0x00030128                __vector_24
                0x00030128                __vector_12
                0x00030128                __vector_55
                0x00030128                __vector_46
                0x00030128                __bad_interrupt
                0x00030128                __vector_6
                0x00030128                __vector_31
                0x00030128                __vector_35
                0x00030128                __vector_39
                0x00030128                __vector_3
                0x00030128                __vector_23
                0x00030128                __vector_30
                0x00030128                __vector_45
                0x00030128                __vector_25
                0x00030128                __vector_11
                0x00030128                __vector_54
                0x00030128                __vector_13
                0x00030128                __vector_17
                0x00030128                __vector_19
                0x00030128                __vector_56
                0x00030128                __vector_7
                0x00030128                __vector_49
                0x00030128                __vector_41
                0x00030128                __vector_43
                0x00030128                __vector_27
                0x00030128                __vector_5
                0x00030128                __vector_33
                0x00030128                __vector_47
                0x00030128                __vector_52
                0x00030128                __vector_37
                0x00030128                __vector_4
                0x00030128                __vector_44
                0x00030128                __vector_51
                0x00030128                __vector_9
                0x00030128                __vector_2
                0x00030128                __vector_21
                0x00030128                __vector_15
                0x00030128                __vector_36
                0x00030128                __vector_29
                0x00030128                __vector_40
                0x00030128                __vector_8
                0x00030128                __vector_26
                0x00030128                __vector_48
                0x00030128                __vector_14
                0x00030128                __vector_53
                0x00030128                __vector_10
                0x00030128                __vector_50
                0x00030128                __vector_16
                0x00030128                __vector_18
                0x00030128                __vector_20
                0x00030128                __vector_42
 .text          0x0003012c       0x14 main.o
                0x0003012c                exec_app_code
 .text          0x00030140       0x86 mcu1.o
                0x00030140                send_device_ID
                0x00030160                get_flash_page_number
                0x0003017c                get_flash_page
 .text          0x000301c6       0x8a mcu2.o
                0x000301c6                load_flash
 .text          0x00030250       0xfa spm.o
                0x00030250                wait_for_SPM
                0x00030258                do_SPM
                0x00030288                flash_page_erase
                0x00030298                flash_page_buffer_word_write
                0x000302c8                flash_page_buffer_write
                0x00030302                flash_page_write
                0x00030312                flash_RWW_clearSB
                0x0003031e                do_LPM_byte
                0x0003032a                do_LPM_word
                0x00030338                flash_byte_read
                0x00030344                flash_word_read
 .text          0x0003034a       0x58 spm2.o
                0x0003034a                flash_page_verify
 .text          0x000303a2       0x46 uart.o
                0x000303a2                uart_init
                0x000303b8                uart_RX_empty
                0x000303c6                uart_RX_clear
                0x000303cc                uart_RX_byte
                0x000303da                uart_TX_byte
 .text          0x000303e8        0x0 c:/program files (x86)/atmel/avr tools/avr toolchain/bin/../lib/gcc/avr/4.6.2/avr6\libgcc.a(_exit.o)
 .text          0x000303e8        0x0 c:/program files (x86)/atmel/avr tools/avr toolchain/bin/../lib/gcc/avr/4.6.2/avr6\libgcc.a(_copy_data.o)
 .text          0x000303e8        0x0 c:/program files (x86)/atmel/avr tools/avr toolchain/bin/../lib/gcc/avr/4.6.2/avr6\libgcc.a(_clear_bss.o)
                0x000303e8                . = ALIGN (0x2)
 *(.text.*)
 .text.startup  0x000303e8       0x50 main.o
                0x000303e8                main
 .text.libgcc   0x00030438        0x0 c:/program files (x86)/atmel/avr tools/avr toolchain/bin/../lib/gcc/avr/4.6.2/avr6\libgcc.a(_exit.o)
 .text.libgcc   0x00030438        0x0 c:/program files (x86)/atmel/avr tools/avr toolchain/bin/../lib/gcc/avr/4.6.2/avr6\libgcc.a(_copy_data.o)
 .text.libgcc   0x00030438        0x0 c:/program files (x86)/atmel/avr tools/avr toolchain/bin/../lib/gcc/avr/4.6.2/avr6\libgcc.a(_clear_bss.o)
                0x00030438                . = ALIGN (0x2)
 *(.fini9)
 .fini9         0x00030438        0x0 c:/program files (x86)/atmel/avr tools/avr toolchain/bin/../lib/gcc/avr/4.6.2/avr6\libgcc.a(_exit.o)
                0x00030438                _exit
                0x00030438                exit
 *(.fini9)
 *(.fini8)
 *(.fini8)
 *(.fini7)
 *(.fini7)
 *(.fini6)
 *(.fini6)
 *(.fini5)
 *(.fini5)
 *(.fini4)
 *(.fini4)
 *(.fini3)
 *(.fini3)
 *(.fini2)
 *(.fini2)
 *(.fini1)
 *(.fini1)
 *(.fini0)
 .fini0         0x00030438        0x4 c:/program files (x86)/atmel/avr tools/avr toolchain/bin/../lib/gcc/avr/4.6.2/avr6\libgcc.a(_exit.o)
 *(.fini0)
                0x0003043c                _etext = .

.data           0x00800200        0x0 load address 0x0003043c
                0x00800200                PROVIDE (__data_start, .)
 *(.data)
 .data          0x00800200        0x0 c:/program files (x86)/atmel/avr tools/avr toolchain/bin/../lib/gcc/avr/4.6.2/../../../../avr/lib/avr6/crtm2560.o
 .data          0x00800200        0x0 main.o
 .data          0x00800200        0x0 mcu1.o
 .data          0x00800200        0x0 mcu2.o
 .data          0x00800200        0x0 spm.o
 .data          0x00800200        0x0 spm2.o
 .data          0x00800200        0x0 uart.o
 .data          0x00800200        0x0 c:/program files (x86)/atmel/avr tools/avr toolchain/bin/../lib/gcc/avr/4.6.2/avr6\libgcc.a(_exit.o)
 .data          0x00800200        0x0 c:/program files (x86)/atmel/avr tools/avr toolchain/bin/../lib/gcc/avr/4.6.2/avr6\libgcc.a(_copy_data.o)
 .data          0x00800200        0x0 c:/program files (x86)/atmel/avr tools/avr toolchain/bin/../lib/gcc/avr/4.6.2/avr6\libgcc.a(_clear_bss.o)
 *(.data*)
 *(.rodata)
 *(.rodata*)
 *(.gnu.linkonce.d*)
                0x00800200                . = ALIGN (0x2)
                0x00800200                _edata = .
                0x00800200                PROVIDE (__data_end, .)

.bss            0x00800200        0x0
                0x00800200                PROVIDE (__bss_start, .)
 *(.bss)
 .bss           0x00800200        0x0 c:/program files (x86)/atmel/avr tools/avr toolchain/bin/../lib/gcc/avr/4.6.2/../../../../avr/lib/avr6/crtm2560.o
 .bss           0x00800200        0x0 main.o
 .bss           0x00800200        0x0 mcu1.o
 .bss           0x00800200        0x0 mcu2.o
 .bss           0x00800200        0x0 spm.o
 .bss           0x00800200        0x0 spm2.o
 .bss           0x00800200        0x0 uart.o
 .bss           0x00800200        0x0 c:/program files (x86)/atmel/avr tools/avr toolchain/bin/../lib/gcc/avr/4.6.2/avr6\libgcc.a(_exit.o)
 .bss           0x00800200        0x0 c:/program files (x86)/atmel/avr tools/avr toolchain/bin/../lib/gcc/avr/4.6.2/avr6\libgcc.a(_copy_data.o)
 .bss           0x00800200        0x0 c:/program files (x86)/atmel/avr tools/avr toolchain/bin/../lib/gcc/avr/4.6.2/avr6\libgcc.a(_clear_bss.o)
 *(.bss*)
 *(COMMON)
                0x00800200                PROVIDE (__bss_end, .)
                0x0003043c                __data_load_start = LOADADDR (.data)
                0x0003043c                __data_load_end = (__data_load_start + SIZEOF (.data))

.noinit         0x00800200        0x0
                0x00800200                PROVIDE (__noinit_start, .)
 *(.noinit*)
                0x00800200                PROVIDE (__noinit_end, .)
                0x00800200                _end = .
                0x00800200                PROVIDE (__heap_start, .)

.eeprom         0x00810000        0x0
 *(.eeprom*)
                0x00810000                __eeprom_end = .

.fuse
 *(.fuse)
 *(.lfuse)
 *(.hfuse)
 *(.efuse)

.lock
 *(.lock*)

.signature
 *(.signature*)

.stab           0x00000000      0x6e4
 *(.stab)
 .stab          0x00000000      0x6e4 c:/program files (x86)/atmel/avr tools/avr toolchain/bin/../lib/gcc/avr/4.6.2/../../../../avr/lib/avr6/crtm2560.o

.stabstr        0x00000000       0x85
 *(.stabstr)
 .stabstr       0x00000000       0x85 c:/program files (x86)/atmel/avr tools/avr toolchain/bin/../lib/gcc/avr/4.6.2/../../../../avr/lib/avr6/crtm2560.o

.stab.excl
 *(.stab.excl)

.stab.exclstr
 *(.stab.exclstr)

.stab.index
 *(.stab.index)

.stab.indexstr
 *(.stab.indexstr)

.comment
 *(.comment)

.debug
 *(.debug)

.line
 *(.line)

.debug_srcinfo
 *(.debug_srcinfo)

.debug_sfnames
 *(.debug_sfnames)

.debug_aranges  0x00000000      0x128
 *(.debug_aranges)
 .debug_aranges
                0x00000000       0x28 main.o
 .debug_aranges
                0x00000028       0x20 mcu1.o
 .debug_aranges
                0x00000048       0x20 mcu2.o
 .debug_aranges
                0x00000068       0x20 spm.o
 .debug_aranges
                0x00000088       0x20 spm2.o
 .debug_aranges
                0x000000a8       0x20 uart.o
 .debug_aranges
                0x000000c8       0x20 c:/program files (x86)/atmel/avr tools/avr toolchain/bin/../lib/gcc/avr/4.6.2/avr6\libgcc.a(_exit.o)
 .debug_aranges
                0x000000e8       0x20 c:/program files (x86)/atmel/avr tools/avr toolchain/bin/../lib/gcc/avr/4.6.2/avr6\libgcc.a(_copy_data.o)
 .debug_aranges
                0x00000108       0x20 c:/program files (x86)/atmel/avr tools/avr toolchain/bin/../lib/gcc/avr/4.6.2/avr6\libgcc.a(_clear_bss.o)

.debug_pubnames
 *(.debug_pubnames)

.debug_info     0x00000000      0xa91
 *(.debug_info)
 .debug_info    0x00000000      0x14c main.o
 .debug_info    0x0000014c      0x132 mcu1.o
 .debug_info    0x0000027e       0xb7 mcu2.o
 .debug_info    0x00000335      0x2b9 spm.o
 .debug_info    0x000005ee      0x106 spm2.o
 .debug_info    0x000006f4      0x106 uart.o
 .debug_info    0x000007fa       0xdd c:/program files (x86)/atmel/avr tools/avr toolchain/bin/../lib/gcc/avr/4.6.2/avr6\libgcc.a(_exit.o)
 .debug_info    0x000008d7       0xdd c:/program files (x86)/atmel/avr tools/avr toolchain/bin/../lib/gcc/avr/4.6.2/avr6\libgcc.a(_copy_data.o)
 .debug_info    0x000009b4       0xdd c:/program files (x86)/atmel/avr tools/avr toolchain/bin/../lib/gcc/avr/4.6.2/avr6\libgcc.a(_clear_bss.o)
 *(.gnu.linkonce.wi.*)

.debug_abbrev   0x00000000      0x4aa
 *(.debug_abbrev)
 .debug_abbrev  0x00000000       0xf1 main.o
 .debug_abbrev  0x000000f1       0x9b mcu1.o
 .debug_abbrev  0x0000018c       0x7c mcu2.o
 .debug_abbrev  0x00000208      0x14a spm.o
 .debug_abbrev  0x00000352       0x86 spm2.o
 .debug_abbrev  0x000003d8       0x96 uart.o
 .debug_abbrev  0x0000046e       0x14 c:/program files (x86)/atmel/avr tools/avr toolchain/bin/../lib/gcc/avr/4.6.2/avr6\libgcc.a(_exit.o)
 .debug_abbrev  0x00000482       0x14 c:/program files (x86)/atmel/avr tools/avr toolchain/bin/../lib/gcc/avr/4.6.2/avr6\libgcc.a(_copy_data.o)
 .debug_abbrev  0x00000496       0x14 c:/program files (x86)/atmel/avr tools/avr toolchain/bin/../lib/gcc/avr/4.6.2/avr6\libgcc.a(_clear_bss.o)

.debug_line     0x00000000      0x6d7
 *(.debug_line)
 .debug_line    0x00000000      0x147 main.o
 .debug_line    0x00000147       0xce mcu1.o
 .debug_line    0x00000215       0xb1 mcu2.o
 .debug_line    0x000002c6       0xef spm.o
 .debug_line    0x000003b5       0xb6 spm2.o
 .debug_line    0x0000046b       0xc0 uart.o
 .debug_line    0x0000052b       0x88 c:/program files (x86)/atmel/avr tools/avr toolchain/bin/../lib/gcc/avr/4.6.2/avr6\libgcc.a(_exit.o)
 .debug_line    0x000005b3       0x96 c:/program files (x86)/atmel/avr tools/avr toolchain/bin/../lib/gcc/avr/4.6.2/avr6\libgcc.a(_copy_data.o)
 .debug_line    0x00000649       0x8e c:/program files (x86)/atmel/avr tools/avr toolchain/bin/../lib/gcc/avr/4.6.2/avr6\libgcc.a(_clear_bss.o)

.debug_frame    0x00000000      0x2ac
 *(.debug_frame)
 .debug_frame   0x00000000       0x3c main.o
 .debug_frame   0x0000003c       0x70 mcu1.o
 .debug_frame   0x000000ac       0x40 mcu2.o
 .debug_frame   0x000000ec      0x110 spm.o
 .debug_frame   0x000001fc       0x4c spm2.o
 .debug_frame   0x00000248       0x64 uart.o

.debug_str      0x00000000      0x2e1
 *(.debug_str)
 .debug_str     0x00000000       0xe1 main.o
                                0x115 (size before relaxing)
 .debug_str     0x000000e1       0x75 mcu1.o
                                0x123 (size before relaxing)
 .debug_str     0x00000156       0x27 mcu2.o
                                 0xcc (size before relaxing)
 .debug_str     0x0000017d       0xf5 spm.o
                                0x1ab (size before relaxing)
 .debug_str     0x00000272       0x1c spm2.o
                                 0xe8 (size before relaxing)
 .debug_str     0x0000028e       0x53 uart.o
                                 0xf8 (size before relaxing)

.debug_loc      0x00000000      0x608
 *(.debug_loc)
 .debug_loc     0x00000000       0x36 main.o
 .debug_loc     0x00000036      0x164 mcu1.o
 .debug_loc     0x0000019a       0x7e mcu2.o
 .debug_loc     0x00000218      0x29f spm.o
 .debug_loc     0x000004b7      0x151 spm2.o

.debug_macinfo
 *(.debug_macinfo)
OUTPUT(Pjt_flash.elf elf32-avr)
LOAD linker stubs

.debug_ranges   0x00000000       0x18
 .debug_ranges  0x00000000       0x18 main.o
